=== START 2026-08-09T21:48:52-04:00 ===
=== BRANCH ===
main
=== SSH CONFIG ===
1:Host github.com
2:    HostName github.com
7:Host killarney killarney.alliancecan.ca
8:    HostName killarney.alliancecan.ca
13:Host narval.alliancecan.ca
USING_HOST=killarney
=== SQUEUE ===
squeue: error: resolve_ctls_from_dns_srv: res_nsearch error: Unknown host
squeue: error: fetch_config: DNS SRV lookup failed
squeue: error: _establish_config_source: failed to fetch config
squeue: fatal: Could not establish a configuration source
=== SACCT ===
sacct: error: resolve_ctls_from_dns_srv: res_nsearch error: Unknown host
sacct: error: fetch_config: DNS SRV lookup failed
sacct: error: _establish_config_source: failed to fetch config
sacct: fatal: Could not establish a configuration source
=== STATUS_DONE ===
=== RETRY 2026-08-09T21:58:51-04:00 ===
=== RETRY 2026-08-09T21:58:51-04:00 ===
=== RETRY 2026-08-09T21:58:51-04:00 ===
=== SQUEUE ===
=== SQUEUE ===
=== SQUEUE ===
slurm_load_jobs error: Invalid job id specified
=== SACCT ===
slurm_load_jobs error: Invalid job id specified
slurm_load_jobs error: Invalid job id specified
=== SACCT ===
=== SACCT ===
JobID|JobName|State|ExitCode|Elapsed|End|MaxRSS
4679970|guid-dec-mse-all|COMPLETED|0:0|00:01:28|2026-08-09T20:30:42|
4679970.batch|batch|COMPLETED|0:0|00:01:28|2026-08-09T20:30:42|4607948K
4679970.extern|extern|COMPLETED|0:0|00:01:28|2026-08-09T20:30:42|
JobID|JobName|State|ExitCode|Elapsed|End|MaxRSS
4679970|guid-dec-mse-all|COMPLETED|0:0|00:01:28|2026-08-09T20:30:42|
4679970.batch|batch|COMPLETED|0:0|00:01:28|2026-08-09T20:30:42|4607948K
4679970.extern|extern|COMPLETED|0:0|00:01:28|2026-08-09T20:30:42|
JobID|JobName|State|ExitCode|Elapsed|End|MaxRSS
4679970|guid-dec-mse-all|COMPLETED|0:0|00:01:28|2026-08-09T20:30:42|
4679970.batch|batch|COMPLETED|0:0|00:01:28|2026-08-09T20:30:42|4607948K
4679970.extern|extern|COMPLETED|0:0|00:01:28|2026-08-09T20:30:42|
REMOTE_SCRATCH=/scratch/ccao87
=== REMOTE SUMMARY ===
REMOTE_SCRATCH=/scratch/ccao87
REMOTE_SCRATCH=/scratch/ccao87
=== REMOTE SUMMARY ===
=== REMOTE SUMMARY ===
total 17
drwxr-x--- 2 ccao87 ccao87 4096 Aug  9 20:30 .
drwxr-x--- 2 ccao87 ccao87 4096 Aug  9 20:29 ..
-rw-r----- 1 ccao87 ccao87 8166 Aug  9 20:30 summary_20260810T003041Z.json
-rw-r----- 1 ccao87 ccao87 8166 Aug  9 20:30 summary_latest.json
-rw-r----- 1 ccao87 ccao87  921 Aug  9 20:30 summary_latest.md
---
# Guidance decoder alone — test MSE/MAE (window-norm)

Created: `20260810T003041Z`  
Job: `4679970`  

| dataset | MSE | MAE | n_windows | stride | ckpt |
|---|---:|---:|---:|---:|---|
| ETTh1 | 0.876128 | 0.653338 | 697 | 4 | `ETTh1_7v_s1_patch_guidance.pt` |
| ETTh2 | 1.430110 | 0.805269 | 697 | 4 | `ETTh2_7v_s1_patch_guidance.pt` |
| electricity | 0.556877 | 0.364383 | 1292 | 4 | `electricity_4v_s1_patch_guidance.pt` |
| traffic | 0.363271 | 0.270056 | 854 | 4 | `traffic_4v_s1_patch_guidance.pt` |
| exchange_rate | 1.688965 | 0.852473 | 356 | 4 | `exchange_rate_8v_s1_patch_guidance.pt` |
| PeMS | 0.274655 | 0.326706 | 826 | 4 | `PeMS_7v_s1_patch_guidance.pt` |
| solar_Alabama | 0.633534 | 0.322410 | 2604 | 4 | `solar_Alabama_2v_s1_patch_guidance.pt` |
| ETTm1 | 0.804028 | 0.563083 | 2857 | 4 | `ETTm1_4v_s3_patch_guidance.pt` |
| ETTm2 | 1.275461 | 0.703842 | 2857 | 4 | `ETTm2_7v_s4_patch_guidance.pt` |
=== SLURM OUT (tail) ===
total 17
drwxr-x--- 2 ccao87 ccao87 4096 Aug  9 20:30 .
drwxr-x--- 2 ccao87 ccao87 4096 Aug  9 20:29 ..
-rw-r----- 1 ccao87 ccao87 8166 Aug  9 20:30 summary_20260810T003041Z.json
-rw-r----- 1 ccao87 ccao87 8166 Aug  9 20:30 summary_latest.json
-rw-r----- 1 ccao87 ccao87  921 Aug  9 20:30 summary_latest.md
---
total 17
drwxr-x--- 2 ccao87 ccao87 4096 Aug  9 20:30 .
drwxr-x--- 2 ccao87 ccao87 4096 Aug  9 20:29 ..
-rw-r----- 1 ccao87 ccao87 8166 Aug  9 20:30 summary_20260810T003041Z.json
-rw-r----- 1 ccao87 ccao87 8166 Aug  9 20:30 summary_latest.json
-rw-r----- 1 ccao87 ccao87  921 Aug  9 20:30 summary_latest.md
---
# Guidance decoder alone — test MSE/MAE (window-norm)

Created: `20260810T003041Z`  
Job: `4679970`  

| dataset | MSE | MAE | n_windows | stride | ckpt |
|---|---:|---:|---:|---:|---|
| ETTh1 | 0.876128 | 0.653338 | 697 | 4 | `ETTh1_7v_s1_patch_guidance.pt` |
| ETTh2 | 1.430110 | 0.805269 | 697 | 4 | `ETTh2_7v_s1_patch_guidance.pt` |
| electricity | 0.556877 | 0.364383 | 1292 | 4 | `electricity_4v_s1_patch_guidance.pt` |
| traffic | 0.363271 | 0.270056 | 854 | 4 | `traffic_4v_s1_patch_guidance.pt` |
| exchange_rate | 1.688965 | 0.852473 | 356 | 4 | `exchange_rate_8v_s1_patch_guidance.pt` |
| PeMS | 0.274655 | 0.326706 | 826 | 4 | `PeMS_7v_s1_patch_guidance.pt` |
| solar_Alabama | 0.633534 | 0.322410 | 2604 | 4 | `solar_Alabama_2v_s1_patch_guidance.pt` |
| ETTm1 | 0.804028 | 0.563083 | 2857 | 4 | `ETTm1_4v_s3_patch_guidance.pt` |
| ETTm2 | 1.275461 | 0.703842 | 2857 | 4 | `ETTm2_7v_s4_patch_guidance.pt` |
=== SLURM OUT (tail) ===
# Guidance decoder alone — test MSE/MAE (window-norm)

Created: `20260810T003041Z`  
Job: `4679970`  

| dataset | MSE | MAE | n_windows | stride | ckpt |
|---|---:|---:|---:|---:|---|
| ETTh1 | 0.876128 | 0.653338 | 697 | 4 | `ETTh1_7v_s1_patch_guidance.pt` |
| ETTh2 | 1.430110 | 0.805269 | 697 | 4 | `ETTh2_7v_s1_patch_guidance.pt` |
| electricity | 0.556877 | 0.364383 | 1292 | 4 | `electricity_4v_s1_patch_guidance.pt` |
| traffic | 0.363271 | 0.270056 | 854 | 4 | `traffic_4v_s1_patch_guidance.pt` |
| exchange_rate | 1.688965 | 0.852473 | 356 | 4 | `exchange_rate_8v_s1_patch_guidance.pt` |
| PeMS | 0.274655 | 0.326706 | 826 | 4 | `PeMS_7v_s1_patch_guidance.pt` |
| solar_Alabama | 0.633534 | 0.322410 | 2604 | 4 | `solar_Alabama_2v_s1_patch_guidance.pt` |
| ETTm1 | 0.804028 | 0.563083 | 2857 | 4 | `ETTm1_4v_s3_patch_guidance.pt` |
| ETTm2 | 1.275461 | 0.703842 | 2857 | 4 | `ETTm2_7v_s4_patch_guidance.pt` |
=== SLURM OUT (tail) ===
-rw-r----- 1 ccao87 ccao87 5048 Aug  9 20:30 /scratch/ccao87/ts-sandbox-ordinal-fine/results/slurm/guid-dec-mse-all-4679970.out
---
==========================================
Job ID: 4679970   Node: kn115
GPU:    GPU 0: NVIDIA L40S (UUID: GPU-5cf47950-7c7c-4e97-fcce-ac9586f7f9f0)
Started: Sun Aug  9 08:29:14 PM EDT 2026
DATASETS=all SMOKE=0 BATCH_SIZE=64
==========================================
PROJECT_ROOT=/scratch/ccao87/ts-sandbox-ordinal-fine branch=exp/ordinal-fine-residual
[setup] Building node-local venv on $SLURM_TMPDIR from /scratch/ccao87/ts-sandbox-ordinal-fine/setup/requirements-killarney.txt
created virtual environment CPython3.11.5.final.0-64 in 1842ms
  creator CPython3Posix(dest=/tmp/env, clear=False, no_vcs_ignore=False, global=False)
  seeder FromAppData(download=False, pip=bundle, setuptools=bundle, wheel=bundle, via=copy, app_data_dir=/home/ccao87/.local/share/virtualenv)
    added seed packages: pip==26.1.2, setuptools==82.0.1+computecanada, wheel==0.47.0
  activators BashActivator,CShellActivator,FishActivator,NushellActivator,PowerShellActivator,PythonActivator
torch=2.11.0 cuda=12.9 device=NVIDIA L40S
+ python -u temp/scripts/eval_guidance_decoder_test_metrics.py --out-dir /scratch/ccao87/ts-sandbox-ordinal-fine/temp/lean_disc_c128_results/guidance_decoder_test_metrics --device cuda --batch-size 64 --all
device=NVIDIA L40S
[data_subset] ETTh1: subset_id=ETTh1_7v_s1 n_variates=7 train_stride=1 val_stride=1 test_stride=1 reason=yaml_explicit
[ok] ETTh1: mse=0.876128 mae=0.653338 n_windows=697 stride=4 ckpt=ETTh1_7v_s1_patch_guidance.pt
[data_subset] ETTh2: subset_id=ETTh2_7v_s1 n_variates=7 train_stride=1 val_stride=1 test_stride=1 reason=yaml_explicit
[ok] ETTh2: mse=1.430110 mae=0.805269 n_windows=697 stride=4 ckpt=ETTh2_7v_s1_patch_guidance.pt
[data_subset] electricity: subset_id=electricity_4v_s1 n_variates=4 train_stride=1 val_stride=1 test_stride=1 reason=yaml_explicit
[ok] electricity: mse=0.556877 mae=0.364383 n_windows=1292 stride=4 ckpt=electricity_4v_s1_patch_guidance.pt
[data_subset] traffic: subset_id=traffic_4v_s1 n_variates=4 train_stride=1 val_stride=1 test_stride=1 reason=yaml_explicit
[ok] traffic: mse=0.363271 mae=0.270056 n_windows=854 stride=4 ckpt=traffic_4v_s1_patch_guidance.pt
[data_subset] exchange_rate: subset_id=exchange_rate_8v_s1 n_variates=8 train_stride=1 val_stride=1 test_stride=1 reason=yaml_explicit
[ok] exchange_rate: mse=1.688965 mae=0.852473 n_windows=356 stride=4 ckpt=exchange_rate_8v_s1_patch_guidance.pt
[data_subset] PeMS: subset_id=PeMS_7v_s1 n_variates=7 train_stride=1 val_stride=1 test_stride=1 reason=yaml_explicit
[ok] PeMS: mse=0.274655 mae=0.326706 n_windows=826 stride=4 ckpt=PeMS_7v_s1_patch_guidance.pt
[data_subset] solar_Alabama: subset_id=solar_Alabama_2v_s1 n_variates=2 train_stride=1 val_stride=1 test_stride=1 reason=yaml_explicit
[ok] solar_Alabama: mse=0.633534 mae=0.322410 n_windows=2604 stride=4 ckpt=solar_Alabama_2v_s1_patch_guidance.pt
[data_subset] ETTm1: subset_id=ETTm1_4v_s3 n_variates=4 train_stride=3 val_stride=3 test_stride=1 reason=yaml_explicit
[ok] ETTm1: mse=0.804028 mae=0.563083 n_windows=2857 stride=4 ckpt=ETTm1_4v_s3_patch_guidance.pt
[data_subset] ETTm2: subset_id=ETTm2_7v_s4 n_variates=7 train_stride=4 val_stride=4 test_stride=1 reason=yaml_explicit
[ok] ETTm2: mse=1.275461 mae=0.703842 n_windows=2857 stride=4 ckpt=ETTm2_7v_s4_patch_guidance.pt
[done] wrote /scratch/ccao87/ts-sandbox-ordinal-fine/temp/lean_disc_c128_results/guidance_decoder_test_metrics/summary_20260810T003041Z.json
[done] wrote /scratch/ccao87/ts-sandbox-ordinal-fine/temp/lean_disc_c128_results/guidance_decoder_test_metrics/summary_latest.json
[done] wrote /scratch/ccao87/ts-sandbox-ordinal-fine/temp/lean_disc_c128_results/guidance_decoder_test_metrics/summary_latest.md
Finished: Sun Aug  9 08:30:42 PM EDT 2026
OUT_ROOT=/scratch/ccao87/ts-sandbox-ordinal-fine/temp/lean_disc_c128_results/guidance_decoder_test_metrics
total 17
drwxr-x--- 2 ccao87 ccao87 4096 Aug  9 20:30 .
drwxr-x--- 2 ccao87 ccao87 4096 Aug  9 20:29 ..
-rw-r----- 1 ccao87 ccao87 8166 Aug  9 20:30 summary_20260810T003041Z.json
-rw-r----- 1 ccao87 ccao87 8166 Aug  9 20:30 summary_latest.json
-rw-r----- 1 ccao87 ccao87  921 Aug  9 20:30 summary_latest.md
# Guidance decoder alone — test MSE/MAE (window-norm)

Created: `20260810T003041Z`  
Job: `4679970`  

| dataset | MSE | MAE | n_windows | stride | ckpt |
|---|---:|---:|---:|---:|---|
| ETTh1 | 0.876128 | 0.653338 | 697 | 4 | `ETTh1_7v_s1_patch_guidance.pt` |
| ETTh2 | 1.430110 | 0.805269 | 697 | 4 | `ETTh2_7v_s1_patch_guidance.pt` |
| electricity | 0.556877 | 0.364383 | 1292 | 4 | `electricity_4v_s1_patch_guidance.pt` |
| traffic | 0.363271 | 0.270056 | 854 | 4 | `traffic_4v_s1_patch_guidance.pt` |
| exchange_rate | 1.688965 | 0.852473 | 356 | 4 | `exchange_rate_8v_s1_patch_guidance.pt` |
| PeMS | 0.274655 | 0.326706 | 826 | 4 | `PeMS_7v_s1_patch_guidance.pt` |
| solar_Alabama | 0.633534 | 0.322410 | 2604 | 4 | `solar_Alabama_2v_s1_patch_guidance.pt` |
| ETTm1 | 0.804028 | 0.563083 | 2857 | 4 | `ETTm1_4v_s3_patch_guidance.pt` |
| ETTm2 | 1.275461 | 0.703842 | 2857 | 4 | `ETTm2_7v_s4_patch_guidance.pt` |
=== RSYNC ===
-rw-r----- 1 ccao87 ccao87 5048 Aug  9 20:30 /scratch/ccao87/ts-sandbox-ordinal-fine/results/slurm/guid-dec-mse-all-4679970.out
---
==========================================
Job ID: 4679970   Node: kn115
GPU:    GPU 0: NVIDIA L40S (UUID: GPU-5cf47950-7c7c-4e97-fcce-ac9586f7f9f0)
Started: Sun Aug  9 08:29:14 PM EDT 2026
DATASETS=all SMOKE=0 BATCH_SIZE=64
==========================================
PROJECT_ROOT=/scratch/ccao87/ts-sandbox-ordinal-fine branch=exp/ordinal-fine-residual
[setup] Building node-local venv on $SLURM_TMPDIR from /scratch/ccao87/ts-sandbox-ordinal-fine/setup/requirements-killarney.txt
created virtual environment CPython3.11.5.final.0-64 in 1842ms
  creator CPython3Posix(dest=/tmp/env, clear=False, no_vcs_ignore=False, global=False)
  seeder FromAppData(download=False, pip=bundle, setuptools=bundle, wheel=bundle, via=copy, app_data_dir=/home/ccao87/.local/share/virtualenv)
    added seed packages: pip==26.1.2, setuptools==82.0.1+computecanada, wheel==0.47.0
  activators BashActivator,CShellActivator,FishActivator,NushellActivator,PowerShellActivator,PythonActivator
torch=2.11.0 cuda=12.9 device=NVIDIA L40S
+ python -u temp/scripts/eval_guidance_decoder_test_metrics.py --out-dir /scratch/ccao87/ts-sandbox-ordinal-fine/temp/lean_disc_c128_results/guidance_decoder_test_metrics --device cuda --batch-size 64 --all
device=NVIDIA L40S
[data_subset] ETTh1: subset_id=ETTh1_7v_s1 n_variates=7 train_stride=1 val_stride=1 test_stride=1 reason=yaml_explicit
[ok] ETTh1: mse=0.876128 mae=0.653338 n_windows=697 stride=4 ckpt=ETTh1_7v_s1_patch_guidance.pt
[data_subset] ETTh2: subset_id=ETTh2_7v_s1 n_variates=7 train_stride=1 val_stride=1 test_stride=1 reason=yaml_explicit
[ok] ETTh2: mse=1.430110 mae=0.805269 n_windows=697 stride=4 ckpt=ETTh2_7v_s1_patch_guidance.pt
[data_subset] electricity: subset_id=electricity_4v_s1 n_variates=4 train_stride=1 val_stride=1 test_stride=1 reason=yaml_explicit
[ok] electricity: mse=0.556877 mae=0.364383 n_windows=1292 stride=4 ckpt=electricity_4v_s1_patch_guidance.pt
[data_subset] traffic: subset_id=traffic_4v_s1 n_variates=4 train_stride=1 val_stride=1 test_stride=1 reason=yaml_explicit
[ok] traffic: mse=0.363271 mae=0.270056 n_windows=854 stride=4 ckpt=traffic_4v_s1_patch_guidance.pt
[data_subset] exchange_rate: subset_id=exchange_rate_8v_s1 n_variates=8 train_stride=1 val_stride=1 test_stride=1 reason=yaml_explicit
[ok] exchange_rate: mse=1.688965 mae=0.852473 n_windows=356 stride=4 ckpt=exchange_rate_8v_s1_patch_guidance.pt
[data_subset] PeMS: subset_id=PeMS_7v_s1 n_variates=7 train_stride=1 val_stride=1 test_stride=1 reason=yaml_explicit
[ok] PeMS: mse=0.274655 mae=0.326706 n_windows=826 stride=4 ckpt=PeMS_7v_s1_patch_guidance.pt
[data_subset] solar_Alabama: subset_id=solar_Alabama_2v_s1 n_variates=2 train_stride=1 val_stride=1 test_stride=1 reason=yaml_explicit
[ok] solar_Alabama: mse=0.633534 mae=0.322410 n_windows=2604 stride=4 ckpt=solar_Alabama_2v_s1_patch_guidance.pt
[data_subset] ETTm1: subset_id=ETTm1_4v_s3 n_variates=4 train_stride=3 val_stride=3 test_stride=1 reason=yaml_explicit
[ok] ETTm1: mse=0.804028 mae=0.563083 n_windows=2857 stride=4 ckpt=ETTm1_4v_s3_patch_guidance.pt
[data_subset] ETTm2: subset_id=ETTm2_7v_s4 n_variates=7 train_stride=4 val_stride=4 test_stride=1 reason=yaml_explicit
[ok] ETTm2: mse=1.275461 mae=0.703842 n_windows=2857 stride=4 ckpt=ETTm2_7v_s4_patch_guidance.pt
[done] wrote /scratch/ccao87/ts-sandbox-ordinal-fine/temp/lean_disc_c128_results/guidance_decoder_test_metrics/summary_20260810T003041Z.json
[done] wrote /scratch/ccao87/ts-sandbox-ordinal-fine/temp/lean_disc_c128_results/guidance_decoder_test_metrics/summary_latest.json
[done] wrote /scratch/ccao87/ts-sandbox-ordinal-fine/temp/lean_disc_c128_results/guidance_decoder_test_metrics/summary_latest.md
Finished: Sun Aug  9 08:30:42 PM EDT 2026
OUT_ROOT=/scratch/ccao87/ts-sandbox-ordinal-fine/temp/lean_disc_c128_results/guidance_decoder_test_metrics
total 17
drwxr-x--- 2 ccao87 ccao87 4096 Aug  9 20:30 .
drwxr-x--- 2 ccao87 ccao87 4096 Aug  9 20:29 ..
-rw-r----- 1 ccao87 ccao87 8166 Aug  9 20:30 summary_20260810T003041Z.json
-rw-r----- 1 ccao87 ccao87 8166 Aug  9 20:30 summary_latest.json
-rw-r----- 1 ccao87 ccao87  921 Aug  9 20:30 summary_latest.md
# Guidance decoder alone — test MSE/MAE (window-norm)

Created: `20260810T003041Z`  
Job: `4679970`  

| dataset | MSE | MAE | n_windows | stride | ckpt |
|---|---:|---:|---:|---:|---|
| ETTh1 | 0.876128 | 0.653338 | 697 | 4 | `ETTh1_7v_s1_patch_guidance.pt` |
| ETTh2 | 1.430110 | 0.805269 | 697 | 4 | `ETTh2_7v_s1_patch_guidance.pt` |
| electricity | 0.556877 | 0.364383 | 1292 | 4 | `electricity_4v_s1_patch_guidance.pt` |
| traffic | 0.363271 | 0.270056 | 854 | 4 | `traffic_4v_s1_patch_guidance.pt` |
| exchange_rate | 1.688965 | 0.852473 | 356 | 4 | `exchange_rate_8v_s1_patch_guidance.pt` |
| PeMS | 0.274655 | 0.326706 | 826 | 4 | `PeMS_7v_s1_patch_guidance.pt` |
| solar_Alabama | 0.633534 | 0.322410 | 2604 | 4 | `solar_Alabama_2v_s1_patch_guidance.pt` |
| ETTm1 | 0.804028 | 0.563083 | 2857 | 4 | `ETTm1_4v_s3_patch_guidance.pt` |
| ETTm2 | 1.275461 | 0.703842 | 2857 | 4 | `ETTm2_7v_s4_patch_guidance.pt` |
=== RSYNC ===
-rw-r----- 1 ccao87 ccao87 5048 Aug  9 20:30 /scratch/ccao87/ts-sandbox-ordinal-fine/results/slurm/guid-dec-mse-all-4679970.out
---
==========================================
Job ID: 4679970   Node: kn115
GPU:    GPU 0: NVIDIA L40S (UUID: GPU-5cf47950-7c7c-4e97-fcce-ac9586f7f9f0)
Started: Sun Aug  9 08:29:14 PM EDT 2026
DATASETS=all SMOKE=0 BATCH_SIZE=64
==========================================
PROJECT_ROOT=/scratch/ccao87/ts-sandbox-ordinal-fine branch=exp/ordinal-fine-residual
[setup] Building node-local venv on $SLURM_TMPDIR from /scratch/ccao87/ts-sandbox-ordinal-fine/setup/requirements-killarney.txt
created virtual environment CPython3.11.5.final.0-64 in 1842ms
  creator CPython3Posix(dest=/tmp/env, clear=False, no_vcs_ignore=False, global=False)
  seeder FromAppData(download=False, pip=bundle, setuptools=bundle, wheel=bundle, via=copy, app_data_dir=/home/ccao87/.local/share/virtualenv)
    added seed packages: pip==26.1.2, setuptools==82.0.1+computecanada, wheel==0.47.0
  activators BashActivator,CShellActivator,FishActivator,NushellActivator,PowerShellActivator,PythonActivator
torch=2.11.0 cuda=12.9 device=NVIDIA L40S
+ python -u temp/scripts/eval_guidance_decoder_test_metrics.py --out-dir /scratch/ccao87/ts-sandbox-ordinal-fine/temp/lean_disc_c128_results/guidance_decoder_test_metrics --device cuda --batch-size 64 --all
device=NVIDIA L40S
[data_subset] ETTh1: subset_id=ETTh1_7v_s1 n_variates=7 train_stride=1 val_stride=1 test_stride=1 reason=yaml_explicit
[ok] ETTh1: mse=0.876128 mae=0.653338 n_windows=697 stride=4 ckpt=ETTh1_7v_s1_patch_guidance.pt
[data_subset] ETTh2: subset_id=ETTh2_7v_s1 n_variates=7 train_stride=1 val_stride=1 test_stride=1 reason=yaml_explicit
[ok] ETTh2: mse=1.430110 mae=0.805269 n_windows=697 stride=4 ckpt=ETTh2_7v_s1_patch_guidance.pt
[data_subset] electricity: subset_id=electricity_4v_s1 n_variates=4 train_stride=1 val_stride=1 test_stride=1 reason=yaml_explicit
[ok] electricity: mse=0.556877 mae=0.364383 n_windows=1292 stride=4 ckpt=electricity_4v_s1_patch_guidance.pt
[data_subset] traffic: subset_id=traffic_4v_s1 n_variates=4 train_stride=1 val_stride=1 test_stride=1 reason=yaml_explicit
[ok] traffic: mse=0.363271 mae=0.270056 n_windows=854 stride=4 ckpt=traffic_4v_s1_patch_guidance.pt
[data_subset] exchange_rate: subset_id=exchange_rate_8v_s1 n_variates=8 train_stride=1 val_stride=1 test_stride=1 reason=yaml_explicit
[ok] exchange_rate: mse=1.688965 mae=0.852473 n_windows=356 stride=4 ckpt=exchange_rate_8v_s1_patch_guidance.pt
[data_subset] PeMS: subset_id=PeMS_7v_s1 n_variates=7 train_stride=1 val_stride=1 test_stride=1 reason=yaml_explicit
[ok] PeMS: mse=0.274655 mae=0.326706 n_windows=826 stride=4 ckpt=PeMS_7v_s1_patch_guidance.pt
[data_subset] solar_Alabama: subset_id=solar_Alabama_2v_s1 n_variates=2 train_stride=1 val_stride=1 test_stride=1 reason=yaml_explicit
[ok] solar_Alabama: mse=0.633534 mae=0.322410 n_windows=2604 stride=4 ckpt=solar_Alabama_2v_s1_patch_guidance.pt
[data_subset] ETTm1: subset_id=ETTm1_4v_s3 n_variates=4 train_stride=3 val_stride=3 test_stride=1 reason=yaml_explicit
[ok] ETTm1: mse=0.804028 mae=0.563083 n_windows=2857 stride=4 ckpt=ETTm1_4v_s3_patch_guidance.pt
[data_subset] ETTm2: subset_id=ETTm2_7v_s4 n_variates=7 train_stride=4 val_stride=4 test_stride=1 reason=yaml_explicit
[ok] ETTm2: mse=1.275461 mae=0.703842 n_windows=2857 stride=4 ckpt=ETTm2_7v_s4_patch_guidance.pt
[done] wrote /scratch/ccao87/ts-sandbox-ordinal-fine/temp/lean_disc_c128_results/guidance_decoder_test_metrics/summary_20260810T003041Z.json
[done] wrote /scratch/ccao87/ts-sandbox-ordinal-fine/temp/lean_disc_c128_results/guidance_decoder_test_metrics/summary_latest.json
[done] wrote /scratch/ccao87/ts-sandbox-ordinal-fine/temp/lean_disc_c128_results/guidance_decoder_test_metrics/summary_latest.md
Finished: Sun Aug  9 08:30:42 PM EDT 2026
OUT_ROOT=/scratch/ccao87/ts-sandbox-ordinal-fine/temp/lean_disc_c128_results/guidance_decoder_test_metrics
total 17
drwxr-x--- 2 ccao87 ccao87 4096 Aug  9 20:30 .
drwxr-x--- 2 ccao87 ccao87 4096 Aug  9 20:29 ..
-rw-r----- 1 ccao87 ccao87 8166 Aug  9 20:30 summary_20260810T003041Z.json
-rw-r----- 1 ccao87 ccao87 8166 Aug  9 20:30 summary_latest.json
-rw-r----- 1 ccao87 ccao87  921 Aug  9 20:30 summary_latest.md
# Guidance decoder alone — test MSE/MAE (window-norm)

Created: `20260810T003041Z`  
Job: `4679970`  

| dataset | MSE | MAE | n_windows | stride | ckpt |
|---|---:|---:|---:|---:|---|
| ETTh1 | 0.876128 | 0.653338 | 697 | 4 | `ETTh1_7v_s1_patch_guidance.pt` |
| ETTh2 | 1.430110 | 0.805269 | 697 | 4 | `ETTh2_7v_s1_patch_guidance.pt` |
| electricity | 0.556877 | 0.364383 | 1292 | 4 | `electricity_4v_s1_patch_guidance.pt` |
| traffic | 0.363271 | 0.270056 | 854 | 4 | `traffic_4v_s1_patch_guidance.pt` |
| exchange_rate | 1.688965 | 0.852473 | 356 | 4 | `exchange_rate_8v_s1_patch_guidance.pt` |
| PeMS | 0.274655 | 0.326706 | 826 | 4 | `PeMS_7v_s1_patch_guidance.pt` |
| solar_Alabama | 0.633534 | 0.322410 | 2604 | 4 | `solar_Alabama_2v_s1_patch_guidance.pt` |
| ETTm1 | 0.804028 | 0.563083 | 2857 | 4 | `ETTm1_4v_s3_patch_guidance.pt` |
| ETTm2 | 1.275461 | 0.703842 | 2857 | 4 | `ETTm2_7v_s4_patch_guidance.pt` |
=== RSYNC ===
receiving incremental file list
receiving incremental file list
receiving incremental file list
./
./
summary_20260810T003041Z.json
summary_20260810T003041Z.json
summary_latest.json
summary_latest.json
summary_latest.md
summary_latest.md
summary_20260810T003041Z.json
summary_latest.json
summary_latest.md


sent 102 bytes  received 1,888 bytes  3,980.00 bytes/sec
total size is 17,253  speedup is 8.67
sent 102 bytes  received 1,888 bytes  3,980.00 bytes/sec
total size is 17,253  speedup is 8.67

sent 99 bytes  received 1,885 bytes  3,968.00 bytes/sec
total size is 17,253  speedup is 8.70
=== LOCAL FILES ===
=== LOCAL FILES ===
total 32
drwxr-x---  2 cao cao 4096 Aug  9 20:30 .
drwxr-xr-x 23 cao cao 4096 Aug  9 20:28 ..
-rw-r--r--  1 cao cao 1251 Aug  9 20:28 summary_20260810T002841Z.json
-rw-r-----  1 cao cao 8166 Aug  9 20:30 summary_20260810T003041Z.json
-rw-r-----  1 cao cao 8166 Aug  9 20:30 summary_latest.json
-rw-r-----  1 cao cao  921 Aug  9 20:30 summary_latest.md
total 32
drwxr-x---  2 cao cao 4096 Aug  9 20:30 .
drwxr-xr-x 23 cao cao 4096 Aug  9 20:28 ..
-rw-r--r--  1 cao cao 1251 Aug  9 20:28 summary_20260810T002841Z.json
-rw-r-----  1 cao cao 8166 Aug  9 20:30 summary_20260810T003041Z.json
-rw-r-----  1 cao cao 8166 Aug  9 20:30 summary_latest.json
-rw-r-----  1 cao cao  921 Aug  9 20:30 summary_latest.md
=== LOCAL SUMMARY ===
=== LOCAL SUMMARY ===
# Guidance decoder alone — test MSE/MAE (window-norm)

Created: `20260810T003041Z`  
Job: `4679970`  

| dataset | MSE | MAE | n_windows | stride | ckpt |
|---|---:|---:|---:|---:|---|
| ETTh1 | 0.876128 | 0.653338 | 697 | 4 | `ETTh1_7v_s1_patch_guidance.pt` |
| ETTh2 | 1.430110 | 0.805269 | 697 | 4 | `ETTh2_7v_s1_patch_guidance.pt` |
| electricity | 0.556877 | 0.364383 | 1292 | 4 | `electricity_4v_s1_patch_guidance.pt` |
| traffic | 0.363271 | 0.270056 | 854 | 4 | `traffic_4v_s1_patch_guidance.pt` |
| exchange_rate | 1.688965 | 0.852473 | 356 | 4 | `exchange_rate_8v_s1_patch_guidance.pt` |
| PeMS | 0.274655 | 0.326706 | 826 | 4 | `PeMS_7v_s1_patch_guidance.pt` |
| solar_Alabama | 0.633534 | 0.322410 | 2604 | 4 | `solar_Alabama_2v_s1_patch_guidance.pt` |
| ETTm1 | 0.804028 | 0.563083 | 2857 | 4 | `ETTm1_4v_s3_patch_guidance.pt` |
| ETTm2 | 1.275461 | 0.703842 | 2857 | 4 | `ETTm2_7v_s4_patch_guidance.pt` |
# Guidance decoder alone — test MSE/MAE (window-norm)

Created: `20260810T003041Z`  
Job: `4679970`  

| dataset | MSE | MAE | n_windows | stride | ckpt |
|---|---:|---:|---:|---:|---|
| ETTh1 | 0.876128 | 0.653338 | 697 | 4 | `ETTh1_7v_s1_patch_guidance.pt` |
| ETTh2 | 1.430110 | 0.805269 | 697 | 4 | `ETTh2_7v_s1_patch_guidance.pt` |
| electricity | 0.556877 | 0.364383 | 1292 | 4 | `electricity_4v_s1_patch_guidance.pt` |
| traffic | 0.363271 | 0.270056 | 854 | 4 | `traffic_4v_s1_patch_guidance.pt` |
| exchange_rate | 1.688965 | 0.852473 | 356 | 4 | `exchange_rate_8v_s1_patch_guidance.pt` |
| PeMS | 0.274655 | 0.326706 | 826 | 4 | `PeMS_7v_s1_patch_guidance.pt` |
| solar_Alabama | 0.633534 | 0.322410 | 2604 | 4 | `solar_Alabama_2v_s1_patch_guidance.pt` |
| ETTm1 | 0.804028 | 0.563083 | 2857 | 4 | `ETTm1_4v_s3_patch_guidance.pt` |
| ETTm2 | 1.275461 | 0.703842 | 2857 | 4 | `ETTm2_7v_s4_patch_guidance.pt` |
=== LOCAL FILES ===
total 32
drwxr-x---  2 cao cao 4096 Aug  9 20:30 .
drwxr-xr-x 23 cao cao 4096 Aug  9 20:28 ..
-rw-r--r--  1 cao cao 1251 Aug  9 20:28 summary_20260810T002841Z.json
-rw-r-----  1 cao cao 8166 Aug  9 20:30 summary_20260810T003041Z.json
-rw-r-----  1 cao cao 8166 Aug  9 20:30 summary_latest.json
-rw-r-----  1 cao cao  921 Aug  9 20:30 summary_latest.md
=== LOCAL SUMMARY ===
# Guidance decoder alone — test MSE/MAE (window-norm)

Created: `20260810T003041Z`  
Job: `4679970`  

| dataset | MSE | MAE | n_windows | stride | ckpt |
|---|---:|---:|---:|---:|---|
| ETTh1 | 0.876128 | 0.653338 | 697 | 4 | `ETTh1_7v_s1_patch_guidance.pt` |
| ETTh2 | 1.430110 | 0.805269 | 697 | 4 | `ETTh2_7v_s1_patch_guidance.pt` |
| electricity | 0.556877 | 0.364383 | 1292 | 4 | `electricity_4v_s1_patch_guidance.pt` |
| traffic | 0.363271 | 0.270056 | 854 | 4 | `traffic_4v_s1_patch_guidance.pt` |
| exchange_rate | 1.688965 | 0.852473 | 356 | 4 | `exchange_rate_8v_s1_patch_guidance.pt` |
| PeMS | 0.274655 | 0.326706 | 826 | 4 | `PeMS_7v_s1_patch_guidance.pt` |
| solar_Alabama | 0.633534 | 0.322410 | 2604 | 4 | `solar_Alabama_2v_s1_patch_guidance.pt` |
| ETTm1 | 0.804028 | 0.563083 | 2857 | 4 | `ETTm1_4v_s3_patch_guidance.pt` |
| ETTm2 | 1.275461 | 0.703842 | 2857 | 4 | `ETTm2_7v_s4_patch_guidance.pt` |
